----------------------------------------
		System Survillance Script
Log Created at :Wed Mar 18 17:31:20 2026
----------------------------------------

--------------System Information----------------
CPU Usage:53.9 %
----------------------------------------
Ram Usage:88.7 %
Disk usage Report:
----------------------------------------
C:\ -> 83.7 % 
D:\ -> 3.1 % 
E:\ -> 22.2 % 
----------------------------------------

Network Usage Report:
Sent : 134.17 MB
Recv : 269.38 MB
----------------------------------------

----------------------------------------
		End of the log file----------------------------------------
