----------------------------------------
		System Survillance Script
Log Created at :Wed Mar 18 17:30:54 2026
----------------------------------------

--------------System Information----------------
CPU Usage:43.1 %
----------------------------------------
Ram Usage:90.8 %
Disk usage Report:
----------------------------------------
C:\ -> 83.7 % 
D:\ -> 3.1 % 
E:\ -> 22.2 % 
----------------------------------------

Network Usage Report:
Sent : 130.08 MB
Recv : 268.72 MB
----------------------------------------

----------------------------------------
		End of the log file----------------------------------------
