----------------------------------------
		System Survillance Script
Log Created at :Wed Mar 18 17:31:03 2026
----------------------------------------

--------------System Information----------------
CPU Usage:63.4 %
----------------------------------------
Ram Usage:90.2 %
Disk usage Report:
----------------------------------------
C:\ -> 83.7 % 
D:\ -> 3.1 % 
E:\ -> 22.2 % 
----------------------------------------

Network Usage Report:
Sent : 131.22 MB
Recv : 268.92 MB
----------------------------------------

----------------------------------------
		End of the log file----------------------------------------
