----------------------------------------
		System Survillance Script
Log Created at :Wed Mar 18 17:27:26 2026
----------------------------------------

--------------System Information----------------
CPU Usage:43.0 %
----------------------------------------
Ram Usage:93.0 %
Disk usage Report:
----------------------------------------
C:\ -> 83.7 % 
D:\ -> 3.1 % 
E:\ -> 22.2 % 
----------------------------------------

Network Usage Report:
Sent : 105.23 MB
Recv : 260.36 MB
----------------------------------------

----------------------------------------
		End of the log file----------------------------------------
