----------------------------------------
		System Survillance Script
Log Created at :Wed Mar 18 17:26:24 2026
----------------------------------------

--------------System Information----------------
CPU Usage:31.6 %
----------------------------------------
Ram Usage:92.2 %
Disk usage Report:
----------------------------------------
C:\ -> 83.7 % 
D:\ -> 3.1 % 
E:\ -> 22.2 % 
----------------------------------------

Network Usage Report:
Sent : 96.72 MB
Recv : 258.13 MB
----------------------------------------

----------------------------------------
		End of the log file----------------------------------------
