----------------------------------------
		System Survillance Script
Log Created at :Wed Mar 18 17:31:28 2026
----------------------------------------

--------------System Information----------------
CPU Usage:38.5 %
----------------------------------------
Ram Usage:89.0 %
Disk usage Report:
----------------------------------------
C:\ -> 83.7 % 
D:\ -> 3.1 % 
E:\ -> 22.2 % 
----------------------------------------

Network Usage Report:
Sent : 135.23 MB
Recv : 269.60 MB
----------------------------------------

----------------------------------------
		End of the log file----------------------------------------
