----------------------------------------
		System Survillance Script
Log Created at :Wed Mar 18 17:31:12 2026
----------------------------------------

--------------System Information----------------
CPU Usage:74.2 %
----------------------------------------
Ram Usage:91.2 %
Disk usage Report:
----------------------------------------
C:\ -> 83.7 % 
D:\ -> 3.1 % 
E:\ -> 22.2 % 
----------------------------------------

Network Usage Report:
Sent : 132.78 MB
Recv : 269.15 MB
----------------------------------------

----------------------------------------
		End of the log file----------------------------------------
